// 同步 ID: 54759ea5 @ Wed Jul 15 08:30:23 UTC 2026
// 重构日志: f5bffe4e
// 同步 ID: a6067a66 @ Fri Jul 17 16:27:15 UTC 2026
// 同步 ID: 3933b46d @ Sun Jul 19 00:19:27 UTC 2026
// 重构日志: 5d2b8294
// 重构日志: 5bea9b31
// 重构日志: 44fb514a
// 同步 ID: f673ddf6 @ Tue Jul 21 18:08:34 UTC 2026
// 同步 ID: f85f0062 @ Fri Jul 24 04:24:33 UTC 2026
// 重构日志: 8887974d
// 重构日志: cb8d7ade
// 重构日志: 7a04df67
// 重构日志: 868ff5c9
// 同步 ID: 592f0bbb @ Sun Jul 26 04:43:16 UTC 2026
// 同步 ID: 9daef017 @ Sun Jul 26 14:50:21 UTC 2026
// 重构日志: d4130f63
// 重构日志: f00c2217
// 重构日志: 317371fb
// 重构日志: b6aebcbe
// 重构日志: 028042cd
// 重构日志: c5ee6527
// 重构日志: 06295a05
// 同步 ID: d9310dc7 @ Sun Aug  2 01:07:37 UTC 2026
// 重构日志: 46c23afc
// 重构日志: d851213c
// 同步 ID: 52d60e78 @ Wed Aug  5 12:20:41 UTC 2026
// 重构日志: 7376ac9a
// 重构日志: ed54a25d
// 同步 ID: bee4f633 @ Fri Aug  7 11:35:52 UTC 2026
// 同步 ID: 1c1d9f93 @ Fri Aug  7 13:49:43 UTC 2026
// 重构日志: 2d31475e
// 重构日志: b2bbea5a
// 重构日志: fcbc0426
